p.adb:11:22: info: assertion proved
p.adb:13:07: info: precondition proved
p.adb:14:22: info: assertion proved
p.adb:15:22: info: precondition proved
p.adb:15:22: info: assertion proved
p.adb:16:22: info: assertion proved
p.adb:17:22: info: assertion proved
p.adb:18:22: info: assertion proved
p.adb:20:07: info: precondition proved
p.adb:21:22: info: assertion proved
p.adb:22:22: info: precondition proved
p.adb:22:22: info: assertion proved
p.adb:23:22: info: precondition proved
p.adb:23:22: info: assertion proved
p.adb:25:07: info: precondition proved
p.adb:26:22: info: assertion proved
p.adb:27:22: info: precondition proved
p.adb:27:22: info: assertion proved
p.adb:28:22: info: precondition proved
p.adb:28:22: info: assertion proved
p.adb:29:22: info: precondition proved
p.adb:29:22: info: assertion proved
p.adb:31:07: info: precondition proved
p.adb:32:22: info: assertion proved
p.adb:33:22: info: precondition proved
p.adb:33:22: info: assertion proved
p.adb:34:22: info: precondition proved
p.adb:34:22: info: assertion proved
p.adb:35:22: info: precondition proved
p.adb:35:22: info: assertion proved
p.adb:36:22: info: precondition proved
p.adb:36:22: info: assertion proved
p.ads:14:22: info: initialization of "T" proved
stree-unbounded_multiway_trees.ads:71:16: info: implicit aspect Always_Terminates on "To_Cursor" has been proved, subprogram will terminate, in instantiation at p.ads:9
stree-unbounded_multiway_trees.ads:84:16: info: implicit aspect Always_Terminates on "Is_Concat" has been proved, subprogram will terminate, in instantiation at p.ads:9
stree-unbounded_multiway_trees.ads:85:10: info: predicate check proved, in instantiation at p.ads:9
stree-unbounded_multiway_trees.ads:85:23: info: predicate check proved, in instantiation at p.ads:9
stree-unbounded_multiway_trees.ads:85:36: info: predicate check proved, in instantiation at p.ads:9
stree-unbounded_multiway_trees.ads:86:50: info: precondition proved, in instantiation at p.ads:9
stree-unbounded_multiway_trees.ads:86:63: info: precondition proved, in instantiation at p.ads:9
stree-unbounded_multiway_trees.ads:88:21: info: precondition proved, in instantiation at p.ads:9
stree-unbounded_multiway_trees.ads:88:31: info: overflow check proved, in instantiation at p.ads:9
stree-unbounded_multiway_trees.ads:88:45: info: precondition proved, in instantiation at p.ads:9
stree-unbounded_multiway_trees.ads:89:42: info: overflow check proved, in instantiation at p.ads:9
stree-unbounded_multiway_trees.ads:90:21: info: precondition proved, in instantiation at p.ads:9
stree-unbounded_multiway_trees.ads:90:31: info: overflow check proved, in instantiation at p.ads:9
stree-unbounded_multiway_trees.ads:90:31: info: range check proved, in instantiation at p.ads:9
stree-unbounded_multiway_trees.ads:90:45: info: precondition proved, in instantiation at p.ads:9
stree-unbounded_multiway_trees.ads:90:53: info: range check proved, in instantiation at p.ads:9
stree-unbounded_multiway_trees.ads:93:11: info: predicate check proved, in instantiation at p.ads:9
stree-unbounded_multiway_trees.ads:96:16: info: implicit aspect Always_Terminates on "Is_Insert" has been proved, subprogram will terminate, in instantiation at p.ads:9
stree-unbounded_multiway_trees.ads:102:10: info: predicate check proved, in instantiation at p.ads:9
stree-unbounded_multiway_trees.ads:102:23: info: predicate check proved, in instantiation at p.ads:9
stree-unbounded_multiway_trees.ads:102:36: info: predicate check proved, in instantiation at p.ads:9
stree-unbounded_multiway_trees.ads:104:40: info: precondition proved, in instantiation at p.ads:9
stree-unbounded_multiway_trees.ads:104:53: info: precondition proved, in instantiation at p.ads:9
stree-unbounded_multiway_trees.ads:105:40: info: precondition proved, in instantiation at p.ads:9
stree-unbounded_multiway_trees.ads:106:40: info: precondition proved, in instantiation at p.ads:9
stree-unbounded_multiway_trees.ads:106:53: info: precondition proved, in instantiation at p.ads:9
stree-unbounded_multiway_trees.ads:109:25: info: predicate check proved, in instantiation at p.ads:9
stree-unbounded_multiway_trees.ads:113:16: info: implicit aspect Always_Terminates on "Is_Add" has been proved, subprogram will terminate, in instantiation at p.ads:9
stree-unbounded_multiway_trees.ads:119:10: info: predicate check proved, in instantiation at p.ads:9
stree-unbounded_multiway_trees.ads:119:24: info: predicate check proved, in instantiation at p.ads:9
stree-unbounded_multiway_trees.ads:119:28: info: predicate check proved, in instantiation at p.ads:9
stree-unbounded_multiway_trees.ads:121:19: info: precondition proved, in instantiation at p.ads:9
stree-unbounded_multiway_trees.ads:153:38: info: predicate check proved, in instantiation at p.ads:9
stree-unbounded_multiway_trees.ads:156:16: info: implicit aspect Always_Terminates on "Parent" has been proved, subprogram will terminate, in instantiation at p.ads:9
stree-unbounded_multiway_trees.ads:157:14: info: index check proved, in instantiation at p.ads:9
stree-unbounded_multiway_trees.ads:161:16: info: implicit aspect Always_Terminates on "Path" has been proved, subprogram will terminate, in instantiation at p.ads:9
stree-unbounded_multiway_trees.ads:163:14: info: index check proved, in instantiation at p.ads:9
stree-unbounded_multiway_trees.ads:167:16: info: implicit aspect Always_Terminates on "Child" has been proved, subprogram will terminate, in instantiation at p.ads:9
stree-unbounded_multiway_trees.ads:169:14: info: index check proved, in instantiation at p.ads:9
stree-unbounded_multiway_trees.ads:173:16: info: implicit aspect Always_Terminates on "Has_Element" has been proved, subprogram will terminate, in instantiation at p.ads:9
stree-unbounded_multiway_trees.ads:174:39: info: index check proved, in instantiation at p.ads:9
stree-unbounded_multiway_trees.ads:263:16: info: implicit aspect Always_Terminates on "M_Is_Root" has been proved, subprogram will terminate, in instantiation at p.ads:9
stree-unbounded_multiway_trees.ads:269:46: info: index check proved, in instantiation at p.ads:9
stree-unbounded_multiway_trees.ads:270:52: info: index check proved, in instantiation at p.ads:9
stree-unbounded_multiway_trees.ads:272:09: info: data dependencies proved, in instantiation at p.ads:9
stree-unbounded_multiway_trees.ads:273:20: info: postcondition proved, in instantiation at p.ads:9
stree-unbounded_multiway_trees.ads:274:22: info: precondition proved, in instantiation at p.ads:9
stree-unbounded_multiway_trees.ads:277:16: info: implicit aspect Always_Terminates on "M_Parent" has been proved, subprogram will terminate, in instantiation at p.ads:9
stree-unbounded_multiway_trees.ads:282:37: info: index check proved, in instantiation at p.ads:9
stree-unbounded_multiway_trees.ads:284:09: info: data dependencies proved, in instantiation at p.ads:9
stree-unbounded_multiway_trees.ads:286:18: info: postcondition proved, in instantiation at p.ads:9
stree-unbounded_multiway_trees.ads:290:16: info: implicit aspect Always_Terminates on "M_Child" has been proved, subprogram will terminate, in instantiation at p.ads:9
stree-unbounded_multiway_trees.ads:296:37: info: index check proved, in instantiation at p.ads:9
stree-unbounded_multiway_trees.ads:298:09: info: data dependencies proved, in instantiation at p.ads:9
stree-unbounded_multiway_trees.ads:300:18: info: postcondition proved, in instantiation at p.ads:9
stree-unbounded_multiway_trees.ads:303:16: info: implicit aspect Always_Terminates on "M_Has_Child" has been proved, subprogram will terminate, in instantiation at p.ads:9
stree-unbounded_multiway_trees.ads:309:10: info: precondition proved, in instantiation at p.ads:9
stree-unbounded_multiway_trees.ads:311:09: info: data dependencies proved, in instantiation at p.ads:9
stree-unbounded_multiway_trees.ads:314:16: info: implicit aspect Always_Terminates on "M_Has_Sibling" has been proved, subprogram will terminate, in instantiation at p.ads:9
stree-unbounded_multiway_trees.ads:322:19: info: precondition proved, in instantiation at p.ads:9
stree-unbounded_multiway_trees.ads:322:43: info: precondition proved, in instantiation at p.ads:9
stree-unbounded_multiway_trees.ads:324:09: info: data dependencies proved, in instantiation at p.ads:9
stree-unbounded_multiway_trees.ads:326:16: info: implicit aspect Always_Terminates on "M_Is_Ancestor" has been proved, subprogram will terminate, in instantiation at p.ads:9
stree-unbounded_multiway_trees.ads:332:37: info: index check proved, in instantiation at p.ads:9
stree-unbounded_multiway_trees.ads:333:36: info: index check proved, in instantiation at p.ads:9
stree-unbounded_multiway_trees.ads:335:09: info: data dependencies proved, in instantiation at p.ads:9
stree-unbounded_multiway_trees.ads:339:16: info: implicit aspect Always_Terminates on "M_Depth" has been proved, subprogram will terminate, in instantiation at p.ads:9
stree-unbounded_multiway_trees.ads:344:22: info: range check proved, in instantiation at p.ads:9
stree-unbounded_multiway_trees.ads:344:34: info: predicate check proved, in instantiation at p.ads:9
stree-unbounded_multiway_trees.ads:344:42: info: precondition proved, in instantiation at p.ads:9
stree-unbounded_multiway_trees.ads:346:09: info: data dependencies proved, in instantiation at p.ads:9
stree-unbounded_multiway_trees.ads:349:16: info: implicit aspect Always_Terminates on "M_Has_Children" has been proved, subprogram will terminate, in instantiation at p.ads:9
stree-unbounded_multiway_trees.ads:355:61: info: index check proved, in instantiation at p.ads:9
stree-unbounded_multiway_trees.ads:358:09: info: data dependencies proved, in instantiation at p.ads:9
stree-unbounded_multiway_trees.ads:360:16: info: implicit aspect Always_Terminates on "M_Is_Leaf" has been proved, subprogram will terminate, in instantiation at p.ads:9
stree-unbounded_multiway_trees.ads:366:46: info: index check proved, in instantiation at p.ads:9
stree-unbounded_multiway_trees.ads:367:60: info: index check proved, in instantiation at p.ads:9
stree-unbounded_multiway_trees.ads:370:09: info: data dependencies proved, in instantiation at p.ads:9
stree-unbounded_multiway_trees.ads:372:16: info: implicit aspect Always_Terminates on "M_Equivalent_Trees" has been proved, subprogram will terminate, in instantiation at p.ads:9
stree-unbounded_multiway_trees.ads:376:16: info: implicit aspect Always_Terminates on "M_Equivalent_Trees_Except" has been proved, subprogram will terminate, in instantiation at p.ads:9
stree-unbounded_multiway_trees.ads:387:16: info: implicit aspect Always_Terminates on "M_In_Branch" has been proved, subprogram will terminate, in instantiation at p.ads:9
stree-unbounded_multiway_trees.ads:396:19: info: precondition proved, in instantiation at p.ads:9
stree-unbounded_multiway_trees.ads:396:24: info: precondition proved, in instantiation at p.ads:9
stree-unbounded_multiway_trees.ads:397:19: info: precondition proved, in instantiation at p.ads:9
stree-unbounded_multiway_trees.ads:425:13: info: precondition proved, in instantiation at p.ads:9
  during checks for quantification at stree-unbounded_multiway_trees.ads:29, in instantiation at p.ads:9
stree-unbounded_multiway_trees.ads:434:13: info: precondition proved, in instantiation at p.ads:9
  during checks for quantification at stree-unbounded_multiway_trees.ads:29, in instantiation at p.ads:9
stree-unbounded_multiway_trees.ads:460:13: info: precondition proved, in instantiation at p.ads:9
  during checks for quantification at stree-unbounded_multiway_trees.ads:29, in instantiation at p.ads:9
stree-unbounded_multiway_trees.ads:484:13: info: implicit aspect Always_Terminates on "Last_Element" has been proved, subprogram will terminate, in instantiation at p.ads:9
stree-unbounded_multiway_trees.ads:485:07: info: precondition proved, in instantiation at p.ads:9
stree-unbounded_multiway_trees.ads:487:06: info: data dependencies proved, in instantiation at p.ads:9
stree-unbounded_multiway_trees.ads:490:13: info: precondition proved, in instantiation at p.ads:9
  during checks for quantification at stree-unbounded_multiway_trees.ads:29, in instantiation at p.ads:9
stree-unbounded_multiway_trees.ads:775:25: info: precondition proved, in instantiation at p.ads:9
stree-unbounded_multiway_trees.ads:883:13: info: implicit aspect Always_Terminates on "At_End" has been proved, subprogram will terminate, in instantiation at p.ads:9
stree-unbounded_multiway_trees.ads:884:07: info: dynamic accessibility check proved, in instantiation at p.ads:9
stree-unbounded_multiway_trees.ads:889:13: info: implicit aspect Always_Terminates on "At_End" has been proved, subprogram will terminate, in instantiation at p.ads:9
stree-unbounded_multiway_trees.ads:892:07: info: dynamic accessibility check proved, in instantiation at p.ads:9
stree-unbounded_multiway_trees.ads:916:39: info: pointer dereference check proved, in instantiation at p.ads:9
stree-unbounded_multiway_trees.ads:923:48: info: pointer dereference check proved, in instantiation at p.ads:9
stree-unbounded_multiway_trees.ads:928:42: info: pointer dereference check proved, in instantiation at p.ads:9
stree-unbounded_multiway_trees.ads:931:49: info: pointer dereference check proved, in instantiation at p.ads:9
spark-containers-functional-sets.ads:30:19: info: aspect Always_Terminates on "Equivalent_Elements_Reflexive" has been proved, subprogram will terminate, in instantiation at stree-unbounded_multiway_trees.ads:405, in instantiation at p.ads:9
spark-containers-functional-sets.ads:32:19: info: aspect Always_Terminates on "Equivalent_Elements_Symmetric" has been proved, subprogram will terminate, in instantiation at stree-unbounded_multiway_trees.ads:405, in instantiation at p.ads:9
spark-containers-functional-sets.ads:34:19: info: aspect Always_Terminates on "Equivalent_Elements_Transitive" has been proved, subprogram will terminate, in instantiation at stree-unbounded_multiway_trees.ads:405, in instantiation at p.ads:9
spark-containers-functional-sets.ads:48:16: info: implicit aspect Always_Terminates on overriding operator "=" has been proved, subprogram will terminate, in instantiation at stree-unbounded_multiway_trees.ads:405, in instantiation at p.ads:9
spark-containers-functional-sets.ads:72:06: info: Container_Aggregates annotation proved, in instantiation at stree-unbounded_multiway_trees.ads:405, in instantiation at p.ads:9
  when establishing invariant on Contains at spark-containers-functional-sets.ads:94, in instantiation at stree-unbounded_multiway_trees.ads:405, in instantiation at p.ads:9
  after a call to Empty_Set at spark-containers-functional-sets.ads:243, in instantiation at stree-unbounded_multiway_trees.ads:405, in instantiation at p.ads:9
spark-containers-functional-sets.ads:72:06: info: Container_Aggregates annotation proved, in instantiation at stree-unbounded_multiway_trees.ads:405, in instantiation at p.ads:9
  when reestablishing invariant on Contains at spark-containers-functional-sets.ads:94, in instantiation at stree-unbounded_multiway_trees.ads:405, in instantiation at p.ads:9
  after a call to Aggr_Include at spark-containers-functional-sets.ads:440, in instantiation at stree-unbounded_multiway_trees.ads:405, in instantiation at p.ads:9
spark-containers-functional-sets.ads:72:06: info: Container_Aggregates annotation proved, in instantiation at stree-unbounded_multiway_trees.ads:405, in instantiation at p.ads:9
  when establishing invariant on Length at spark-containers-functional-sets.ads:119, in instantiation at stree-unbounded_multiway_trees.ads:405, in instantiation at p.ads:9
  after a call to Empty_Set at spark-containers-functional-sets.ads:243, in instantiation at stree-unbounded_multiway_trees.ads:405, in instantiation at p.ads:9
spark-containers-functional-sets.ads:72:06: info: Container_Aggregates annotation proved, in instantiation at stree-unbounded_multiway_trees.ads:405, in instantiation at p.ads:9
  when reestablishing invariant on Length at spark-containers-functional-sets.ads:119, in instantiation at stree-unbounded_multiway_trees.ads:405, in instantiation at p.ads:9
  after a call to Aggr_Include at spark-containers-functional-sets.ads:440, in instantiation at stree-unbounded_multiway_trees.ads:405, in instantiation at p.ads:9
spark-containers-functional-sets.ads:94:13: info: precondition proved, in instantiation at stree-unbounded_multiway_trees.ads:405, in instantiation at p.ads:9
  during checks for quantification at spark-containers-functional-sets.ads:64, in instantiation at stree-unbounded_multiway_trees.ads:405, in instantiation at p.ads:9
spark-containers-functional-sets.ads:343:13: info: precondition proved, in instantiation at stree-unbounded_multiway_trees.ads:405, in instantiation at p.ads:9
  during checks for quantification at spark-containers-functional-sets.ads:311, in instantiation at stree-unbounded_multiway_trees.ads:405, in instantiation at p.ads:9
spark-containers-functional-sets.ads:352:13: info: precondition proved, in instantiation at stree-unbounded_multiway_trees.ads:405, in instantiation at p.ads:9
  during checks for quantification at spark-containers-functional-sets.ads:311, in instantiation at stree-unbounded_multiway_trees.ads:405, in instantiation at p.ads:9
spark-containers-functional-sets.ads:358:13: info: precondition proved, in instantiation at stree-unbounded_multiway_trees.ads:405, in instantiation at p.ads:9
  during checks for quantification at spark-containers-functional-sets.ads:311, in instantiation at stree-unbounded_multiway_trees.ads:405, in instantiation at p.ads:9
spark-containers-functional-sets.ads:367:13: info: precondition proved, in instantiation at stree-unbounded_multiway_trees.ads:405, in instantiation at p.ads:9
  during checks for quantification at spark-containers-functional-sets.ads:311, in instantiation at stree-unbounded_multiway_trees.ads:405, in instantiation at p.ads:9
spark-containers-functional-sets.ads:383:13: info: implicit aspect Always_Terminates on "Copy_Element" has been proved, subprogram will terminate, in instantiation at stree-unbounded_multiway_trees.ads:405, in instantiation at p.ads:9
spark-containers-functional-sets.ads:406:13: info: precondition proved, in instantiation at stree-unbounded_multiway_trees.ads:405, in instantiation at p.ads:9
  during checks for quantification at spark-containers-functional-sets.ads:64, in instantiation at stree-unbounded_multiway_trees.ads:405, in instantiation at p.ads:9
spark-containers-functional-sets.ads:409:13: info: precondition proved, in instantiation at stree-unbounded_multiway_trees.ads:405, in instantiation at p.ads:9
  during checks for quantification at spark-containers-functional-sets.ads:64, in instantiation at stree-unbounded_multiway_trees.ads:405, in instantiation at p.ads:9
spark-containers-functional-sets.ads:415:13: info: precondition proved, in instantiation at stree-unbounded_multiway_trees.ads:405, in instantiation at p.ads:9
  during checks for quantification at spark-containers-functional-sets.ads:64, in instantiation at stree-unbounded_multiway_trees.ads:405, in instantiation at p.ads:9
spark-containers-functional-sets.ads:422:13: info: precondition proved, in instantiation at stree-unbounded_multiway_trees.ads:405, in instantiation at p.ads:9
  during checks for quantification at spark-containers-functional-sets.ads:64, in instantiation at stree-unbounded_multiway_trees.ads:405, in instantiation at p.ads:9
spark-containers-functional-sets.ads:433:13: info: implicit aspect Always_Terminates on "Aggr_Eq_Elements" has been proved, subprogram will terminate, in instantiation at stree-unbounded_multiway_trees.ads:405, in instantiation at p.ads:9
spark-containers-functional-sets.ads:436:06: info: data dependencies proved, in instantiation at stree-unbounded_multiway_trees.ads:405, in instantiation at p.ads:9
spark-containers-functional-sets.ads:442:16: info: precondition proved, in instantiation at stree-unbounded_multiway_trees.ads:405, in instantiation at p.ads:9
  during checks for container aggregates at spark-containers-functional-sets.ads:72, in instantiation at stree-unbounded_multiway_trees.ads:405, in instantiation at p.ads:9
spark-containers-parameter_checks.ads:30:17: info: aspect Always_Terminates on "Eq_Reflexive" has been proved, subprogram will terminate, in instantiation at spark-containers-functional-vectors.ads:320, in instantiation at stree-unbounded_multiway_trees.ads:78, in instantiation at p.ads:9
spark-containers-parameter_checks.ads:30:17: info: aspect Always_Terminates on "Eq_Reflexive" has been proved, subprogram will terminate, in instantiation at spark-containers-functional-sets.ads:390, in instantiation at stree-unbounded_multiway_trees.ads:405, in instantiation at p.ads:9
spark-containers-parameter_checks.ads:31:09: info: data dependencies proved, in instantiation at spark-containers-functional-vectors.ads:320, in instantiation at stree-unbounded_multiway_trees.ads:78, in instantiation at p.ads:9
spark-containers-parameter_checks.ads:31:09: info: data dependencies proved, in instantiation at spark-containers-functional-sets.ads:390, in instantiation at stree-unbounded_multiway_trees.ads:405, in instantiation at p.ads:9
spark-containers-parameter_checks.ads:32:19: info: postcondition proved, in instantiation at spark-containers-functional-sets.ads:390, in instantiation at stree-unbounded_multiway_trees.ads:405, in instantiation at p.ads:9
spark-containers-parameter_checks.ads:32:19: info: postcondition proved, in instantiation at spark-containers-functional-vectors.ads:320, in instantiation at stree-unbounded_multiway_trees.ads:78, in instantiation at p.ads:9
spark-containers-parameter_checks.ads:34:17: info: aspect Always_Terminates on "Eq_Symmetric" has been proved, subprogram will terminate, in instantiation at spark-containers-functional-vectors.ads:320, in instantiation at stree-unbounded_multiway_trees.ads:78, in instantiation at p.ads:9
spark-containers-parameter_checks.ads:34:17: info: aspect Always_Terminates on "Eq_Symmetric" has been proved, subprogram will terminate, in instantiation at spark-containers-functional-sets.ads:390, in instantiation at stree-unbounded_multiway_trees.ads:405, in instantiation at p.ads:9
spark-containers-parameter_checks.ads:35:09: info: data dependencies proved, in instantiation at spark-containers-functional-vectors.ads:320, in instantiation at stree-unbounded_multiway_trees.ads:78, in instantiation at p.ads:9
spark-containers-parameter_checks.ads:35:09: info: data dependencies proved, in instantiation at spark-containers-functional-sets.ads:390, in instantiation at stree-unbounded_multiway_trees.ads:405, in instantiation at p.ads:9
spark-containers-parameter_checks.ads:37:19: info: postcondition proved, in instantiation at spark-containers-functional-sets.ads:390, in instantiation at stree-unbounded_multiway_trees.ads:405, in instantiation at p.ads:9
spark-containers-parameter_checks.ads:37:19: info: postcondition proved, in instantiation at spark-containers-functional-vectors.ads:320, in instantiation at stree-unbounded_multiway_trees.ads:78, in instantiation at p.ads:9
spark-containers-parameter_checks.ads:39:17: info: aspect Always_Terminates on "Eq_Transitive" has been proved, subprogram will terminate, in instantiation at spark-containers-functional-vectors.ads:320, in instantiation at stree-unbounded_multiway_trees.ads:78, in instantiation at p.ads:9
spark-containers-parameter_checks.ads:39:17: info: aspect Always_Terminates on "Eq_Transitive" has been proved, subprogram will terminate, in instantiation at spark-containers-functional-sets.ads:390, in instantiation at stree-unbounded_multiway_trees.ads:405, in instantiation at p.ads:9
spark-containers-parameter_checks.ads:40:09: info: data dependencies proved, in instantiation at spark-containers-functional-vectors.ads:320, in instantiation at stree-unbounded_multiway_trees.ads:78, in instantiation at p.ads:9
spark-containers-parameter_checks.ads:40:09: info: data dependencies proved, in instantiation at spark-containers-functional-sets.ads:390, in instantiation at stree-unbounded_multiway_trees.ads:405, in instantiation at p.ads:9
spark-containers-parameter_checks.ads:42:19: info: postcondition proved, in instantiation at spark-containers-functional-sets.ads:390, in instantiation at stree-unbounded_multiway_trees.ads:405, in instantiation at p.ads:9
spark-containers-parameter_checks.ads:42:19: info: postcondition proved, in instantiation at spark-containers-functional-vectors.ads:320, in instantiation at stree-unbounded_multiway_trees.ads:78, in instantiation at p.ads:9
spark-containers-parameter_checks.ads:62:17: info: aspect Always_Terminates on "Eq_Reflexive" has been proved, subprogram will terminate, in instantiation at spark-containers-functional-vectors.ads:329, in instantiation at stree-unbounded_multiway_trees.ads:78, in instantiation at p.ads:9
spark-containers-parameter_checks.ads:63:09: info: data dependencies proved, in instantiation at spark-containers-functional-vectors.ads:329, in instantiation at stree-unbounded_multiway_trees.ads:78, in instantiation at p.ads:9
spark-containers-parameter_checks.ads:65:19: info: postcondition proved, in instantiation at spark-containers-functional-vectors.ads:329, in instantiation at stree-unbounded_multiway_trees.ads:78, in instantiation at p.ads:9
spark-containers-parameter_checks.ads:70:17: info: aspect Always_Terminates on "Eq_Reflexive" has been proved, subprogram will terminate, in instantiation at spark-containers-functional-vectors.ads:329, in instantiation at stree-unbounded_multiway_trees.ads:78, in instantiation at p.ads:9
spark-containers-parameter_checks.ads:71:09: info: data dependencies proved, in instantiation at spark-containers-functional-vectors.ads:329, in instantiation at stree-unbounded_multiway_trees.ads:78, in instantiation at p.ads:9
spark-containers-parameter_checks.ads:72:19: info: postcondition proved, in instantiation at spark-containers-functional-vectors.ads:329, in instantiation at stree-unbounded_multiway_trees.ads:78, in instantiation at p.ads:9
spark-containers-parameter_checks.ads:74:17: info: aspect Always_Terminates on "Eq_Symmetric" has been proved, subprogram will terminate, in instantiation at spark-containers-functional-vectors.ads:329, in instantiation at stree-unbounded_multiway_trees.ads:78, in instantiation at p.ads:9
spark-containers-parameter_checks.ads:75:09: info: data dependencies proved, in instantiation at spark-containers-functional-vectors.ads:329, in instantiation at stree-unbounded_multiway_trees.ads:78, in instantiation at p.ads:9
spark-containers-parameter_checks.ads:77:19: info: postcondition proved, in instantiation at spark-containers-functional-vectors.ads:329, in instantiation at stree-unbounded_multiway_trees.ads:78, in instantiation at p.ads:9
spark-containers-parameter_checks.ads:79:17: info: aspect Always_Terminates on "Eq_Transitive" has been proved, subprogram will terminate, in instantiation at spark-containers-functional-vectors.ads:329, in instantiation at stree-unbounded_multiway_trees.ads:78, in instantiation at p.ads:9
spark-containers-parameter_checks.ads:80:09: info: data dependencies proved, in instantiation at spark-containers-functional-vectors.ads:329, in instantiation at stree-unbounded_multiway_trees.ads:78, in instantiation at p.ads:9
spark-containers-parameter_checks.ads:82:19: info: postcondition proved, in instantiation at spark-containers-functional-vectors.ads:329, in instantiation at stree-unbounded_multiway_trees.ads:78, in instantiation at p.ads:9
spark-containers-functional-vectors.ads:28:19: info: aspect Always_Terminates on "Eq_Reflexive" has been proved, subprogram will terminate, in instantiation at stree-unbounded_multiway_trees.ads:78, in instantiation at p.ads:9
spark-containers-functional-vectors.ads:30:19: info: aspect Always_Terminates on "Eq_Symmetric" has been proved, subprogram will terminate, in instantiation at stree-unbounded_multiway_trees.ads:78, in instantiation at p.ads:9
spark-containers-functional-vectors.ads:32:19: info: aspect Always_Terminates on "Eq_Transitive" has been proved, subprogram will terminate, in instantiation at stree-unbounded_multiway_trees.ads:78, in instantiation at p.ads:9
spark-containers-functional-vectors.ads:38:19: info: aspect Always_Terminates on "Equivalent_Elements_Reflexive" has been proved, subprogram will terminate, in instantiation at stree-unbounded_multiway_trees.ads:78, in instantiation at p.ads:9
spark-containers-functional-vectors.ads:40:19: info: aspect Always_Terminates on "Equivalent_Elements_Symmetric" has been proved, subprogram will terminate, in instantiation at stree-unbounded_multiway_trees.ads:78, in instantiation at p.ads:9
spark-containers-functional-vectors.ads:42:19: info: aspect Always_Terminates on "Equivalent_Elements_Transitive" has been proved, subprogram will terminate, in instantiation at stree-unbounded_multiway_trees.ads:78, in instantiation at p.ads:9
spark-containers-functional-vectors.ads:78:06: info: Container_Aggregates annotation proved, in instantiation at stree-unbounded_multiway_trees.ads:78, in instantiation at p.ads:9
  when establishing invariant on Last at spark-containers-functional-vectors.ads:94, in instantiation at stree-unbounded_multiway_trees.ads:78, in instantiation at p.ads:9
  after a call to Empty_Sequence at spark-containers-functional-vectors.ads:217, in instantiation at stree-unbounded_multiway_trees.ads:78, in instantiation at p.ads:9
spark-containers-functional-vectors.ads:78:06: info: Container_Aggregates annotation proved, in instantiation at stree-unbounded_multiway_trees.ads:78, in instantiation at p.ads:9
  when reestablishing invariant on Get at spark-containers-functional-vectors.ads:101, in instantiation at stree-unbounded_multiway_trees.ads:78, in instantiation at p.ads:9
  after a call to Aggr_Append at spark-containers-functional-vectors.ads:505, in instantiation at stree-unbounded_multiway_trees.ads:78, in instantiation at p.ads:9
spark-containers-functional-vectors.ads:78:06: info: Container_Aggregates annotation proved, in instantiation at stree-unbounded_multiway_trees.ads:78, in instantiation at p.ads:9
  when reestablishing invariant on Last at spark-containers-functional-vectors.ads:94, in instantiation at stree-unbounded_multiway_trees.ads:78, in instantiation at p.ads:9
  after a call to Aggr_Append at spark-containers-functional-vectors.ads:505, in instantiation at stree-unbounded_multiway_trees.ads:78, in instantiation at p.ads:9
spark-containers-functional-vectors.ads:101:13: info: precondition proved, in instantiation at stree-unbounded_multiway_trees.ads:78, in instantiation at p.ads:9
  during checks for quantification at spark-containers-functional-vectors.ads:70, in instantiation at stree-unbounded_multiway_trees.ads:78, in instantiation at p.ads:9
spark-containers-functional-vectors.ads:119:13: info: implicit aspect Always_Terminates on "First" has been proved, subprogram will terminate, in instantiation at stree-unbounded_multiway_trees.ads:78, in instantiation at p.ads:9
spark-containers-functional-vectors.ads:120:06: info: data dependencies proved, in instantiation at stree-unbounded_multiway_trees.ads:78, in instantiation at p.ads:9
spark-containers-functional-vectors.ads:203:39: info: precondition proved, in instantiation at stree-unbounded_multiway_trees.ads:78, in instantiation at p.ads:9
spark-containers-functional-vectors.ads:262:52: info: overflow check proved, in instantiation at stree-unbounded_multiway_trees.ads:78, in instantiation at p.ads:9
spark-containers-functional-vectors.ads:308:13: info: implicit aspect Always_Terminates on "Copy_Element" has been proved, subprogram will terminate, in instantiation at stree-unbounded_multiway_trees.ads:78, in instantiation at p.ads:9
spark-containers-functional-vectors.ads:345:13: info: precondition proved, in instantiation at stree-unbounded_multiway_trees.ads:78, in instantiation at p.ads:9
  during checks for quantification at spark-containers-functional-vectors.ads:70, in instantiation at stree-unbounded_multiway_trees.ads:78, in instantiation at p.ads:9
spark-containers-functional-vectors.ads:348:13: info: precondition proved, in instantiation at stree-unbounded_multiway_trees.ads:78, in instantiation at p.ads:9
  during checks for quantification at spark-containers-functional-vectors.ads:70, in instantiation at stree-unbounded_multiway_trees.ads:78, in instantiation at p.ads:9
spark-containers-functional-vectors.ads:358:13: info: precondition proved, in instantiation at stree-unbounded_multiway_trees.ads:78, in instantiation at p.ads:9
  during checks for quantification at spark-containers-functional-vectors.ads:70, in instantiation at stree-unbounded_multiway_trees.ads:78, in instantiation at p.ads:9
spark-containers-functional-vectors.ads:484:57: info: predicate check proved, in instantiation at stree-unbounded_multiway_trees.ads:78, in instantiation at p.ads:9
spark-containers-functional-vectors.ads:485:31: info: predicate check proved, in instantiation at stree-unbounded_multiway_trees.ads:78, in instantiation at p.ads:9
spark-containers-functional-vectors.ads:510:33: info: precondition proved, in instantiation at stree-unbounded_multiway_trees.ads:78, in instantiation at p.ads:9
  during checks for container aggregates at spark-containers-functional-vectors.ads:78, in instantiation at stree-unbounded_multiway_trees.ads:78, in instantiation at p.ads:9
spark-containers-parameter_checks.adb:58:10: info: precondition proved, in instantiation at spark-containers-functional-vectors.ads:329, in instantiation at stree-unbounded_multiway_trees.ads:78, in instantiation at p.ads:9
